2019-01-08 06:04:38.351987['700001', '하나 코스피 변동성추세 추종 양매도 ETN', 0, '1']2019-01-08 06:04:56.024709['700001', '하나 코스피 변동성추세 추종 양매도 ETN', 0, '1']
2019-01-08 06:05:06.504725['700001', '하나 코스피 변동성추세 추종 양매도 ETN', 0, '1']
